// Jest Snapshot v1, https://goo.gl/fbAQLP

exports[`App Main Entry Component should render App component 1`] = `
initialize {
  "0": Node {
    "data": "TEST",
    "next": Node {
      "attribs": Object {},
      "children": Array [
        Node {
          "data": "test",
          "next": Node {
            "attribs": Object {},
            "children": Array [
              Node {
                "data": "test",
                "next": null,
                "parent": [Circular],
                "prev": null,
                "type": "text",
              },
            ],
            "name": "div",
            "namespace": "http://www.w3.org/1999/xhtml",
            "next": null,
            "parent": [Circular],
            "prev": [Circular],
            "type": "tag",
            "x-attribsNamespace": Object {},
            "x-attribsPrefix": Object {},
          },
          "parent": [Circular],
          "prev": null,
          "type": "text",
        },
        Node {
          "attribs": Object {},
          "children": Array [
            Node {
              "data": "test",
              "next": null,
              "parent": [Circular],
              "prev": null,
              "type": "text",
            },
          ],
          "name": "div",
          "namespace": "http://www.w3.org/1999/xhtml",
          "next": null,
          "parent": [Circular],
          "prev": Node {
            "data": "test",
            "next": [Circular],
            "parent": [Circular],
            "prev": null,
            "type": "text",
          },
          "type": "tag",
          "x-attribsNamespace": Object {},
          "x-attribsPrefix": Object {},
        },
      ],
      "name": "div",
      "namespace": "http://www.w3.org/1999/xhtml",
      "next": null,
      "parent": Node {
        "children": Array [
          [Circular],
          [Circular],
        ],
        "name": "root",
        "next": null,
        "parent": null,
        "prev": null,
        "type": "root",
      },
      "prev": [Circular],
      "type": "tag",
      "x-attribsNamespace": Object {},
      "x-attribsPrefix": Object {},
    },
    "parent": Node {
      "children": Array [
        [Circular],
        Node {
          "attribs": Object {},
          "children": Array [
            Node {
              "data": "test",
              "next": Node {
                "attribs": Object {},
                "children": Array [
                  Node {
                    "data": "test",
                    "next": null,
                    "parent": [Circular],
                    "prev": null,
                    "type": "text",
                  },
                ],
                "name": "div",
                "namespace": "http://www.w3.org/1999/xhtml",
                "next": null,
                "parent": [Circular],
                "prev": [Circular],
                "type": "tag",
                "x-attribsNamespace": Object {},
                "x-attribsPrefix": Object {},
              },
              "parent": [Circular],
              "prev": null,
              "type": "text",
            },
            Node {
              "attribs": Object {},
              "children": Array [
                Node {
                  "data": "test",
                  "next": null,
                  "parent": [Circular],
                  "prev": null,
                  "type": "text",
                },
              ],
              "name": "div",
              "namespace": "http://www.w3.org/1999/xhtml",
              "next": null,
              "parent": [Circular],
              "prev": Node {
                "data": "test",
                "next": [Circular],
                "parent": [Circular],
                "prev": null,
                "type": "text",
              },
              "type": "tag",
              "x-attribsNamespace": Object {},
              "x-attribsPrefix": Object {},
            },
          ],
          "name": "div",
          "namespace": "http://www.w3.org/1999/xhtml",
          "next": null,
          "parent": [Circular],
          "prev": [Circular],
          "type": "tag",
          "x-attribsNamespace": Object {},
          "x-attribsPrefix": Object {},
        },
      ],
      "name": "root",
      "next": null,
      "parent": null,
      "prev": null,
      "type": "root",
    },
    "prev": null,
    "type": "text",
  },
  "1": Node {
    "attribs": Object {},
    "children": Array [
      Node {
        "data": "test",
        "next": Node {
          "attribs": Object {},
          "children": Array [
            Node {
              "data": "test",
              "next": null,
              "parent": [Circular],
              "prev": null,
              "type": "text",
            },
          ],
          "name": "div",
          "namespace": "http://www.w3.org/1999/xhtml",
          "next": null,
          "parent": [Circular],
          "prev": [Circular],
          "type": "tag",
          "x-attribsNamespace": Object {},
          "x-attribsPrefix": Object {},
        },
        "parent": [Circular],
        "prev": null,
        "type": "text",
      },
      Node {
        "attribs": Object {},
        "children": Array [
          Node {
            "data": "test",
            "next": null,
            "parent": [Circular],
            "prev": null,
            "type": "text",
          },
        ],
        "name": "div",
        "namespace": "http://www.w3.org/1999/xhtml",
        "next": null,
        "parent": [Circular],
        "prev": Node {
          "data": "test",
          "next": [Circular],
          "parent": [Circular],
          "prev": null,
          "type": "text",
        },
        "type": "tag",
        "x-attribsNamespace": Object {},
        "x-attribsPrefix": Object {},
      },
    ],
    "name": "div",
    "namespace": "http://www.w3.org/1999/xhtml",
    "next": null,
    "parent": Node {
      "children": Array [
        Node {
          "data": "TEST",
          "next": [Circular],
          "parent": [Circular],
          "prev": null,
          "type": "text",
        },
        [Circular],
      ],
      "name": "root",
      "next": null,
      "parent": null,
      "prev": null,
      "type": "root",
    },
    "prev": Node {
      "data": "TEST",
      "next": [Circular],
      "parent": Node {
        "children": Array [
          [Circular],
          [Circular],
        ],
        "name": "root",
        "next": null,
        "parent": null,
        "prev": null,
        "type": "root",
      },
      "prev": null,
      "type": "text",
    },
    "type": "tag",
    "x-attribsNamespace": Object {},
    "x-attribsPrefix": Object {},
  },
  "_root": [Circular],
  "length": 2,
  "options": Object {
    "decodeEntities": true,
    "xml": false,
  },
}
`;
